---
source: crates/egui_mcp/src/real_app_tests.rs
expression: "query_app(&QueryFilter::default())"
---
[
  {
    "id": "311f83ea3bd3e4",
    "role": "Window",
    "focused": true,
    "children": [
      {
        "id": "fec0f6fb9dd14fa2",
        "role": "GenericContainer",
        "children": [
          {
            "id": "29de56167d030090",
            "role": "GenericContainer",
            "children": [
              {
                "id": "175558c20936c8bf",
                "role": "GenericContainer",
                "children": [
                  {
                    "id": "d0ab2963125f8970",
                    "role": "GenericContainer",
                    "children": [
                      {
                        "id": "5fdb4d6fcd23c05e",
                        "role": "Label",
                        "value": "Search",
                        "children": [
                          {
                            "id": "55b7f16f419afcfb",
                            "role": "TextRun",
                            "value": "Search"
                          }
                        ]
                      },
                      {
                        "id": "6f3fbf6586d5df4d",
                        "role": "TextInput",
                        "value": "tree",
                        "children": [
                          {
                            "id": "209a165af4860f05",
                            "role": "TextRun",
                            "value": "tree"
                          }
                        ]
                      },
                      {
                        "id": "44da3610c66a7249",
                        "role": "Button",
                        "label": "Run"
                      }
                    ]
                  }
                ]
              }
            ]
          },
          {
            "id": "f2fcc1fddc4a5c40",
            "role": "GenericContainer",
            "children": [
              {
                "id": "f8760b9a7c488d54",
                "role": "GenericContainer",
                "children": [
                  {
                    "id": "4ba251cd36818ac6",
                    "role": "Label",
                    "value": "Projects",
                    "children": [
                      {
                        "id": "819f43a8957f3f41",
                        "role": "TextRun",
                        "value": "Projects"
                      }
                    ]
                  },
                  {
                    "id": "47c33c87d70251d9",
                    "role": "Button",
                    "label": "egui"
                  },
                  {
                    "id": "ac02b6df4e5fe446",
                    "role": "Button",
                    "label": "kittest"
                  },
                  {
                    "id": "333c9182ae950a46",
                    "role": "Button",
                    "label": "rerun"
                  }
                ]
              }
            ]
          },
          {
            "id": "354155f02e0419f8",
            "role": "GenericContainer",
            "children": [
              {
                "id": "85236434a2861251",
                "role": "GenericContainer",
                "children": [
                  {
                    "id": "2aec18abebb3e684",
                    "role": "Label",
                    "value": "Chat",
                    "children": [
                      {
                        "id": "864e4c9b1ee72248",
                        "role": "TextRun",
                        "value": "Chat"
                      }
                    ]
                  },
                  {
                    "id": "50574715c1dcec2f",
                    "role": "Label",
                    "value": "where is the volume slider?",
                    "children": [
                      {
                        "id": "cada8298c6e445cc",
                        "role": "TextRun",
                        "value": "where is the volume slider?"
                      }
                    ]
                  },
                  {
                    "id": "598fde41b126c439",
                    "role": "Label",
                    "value": "Second row of the settings panel.",
                    "children": [
                      {
                        "id": "8832fd0259e8847d",
                        "role": "TextRun",
                        "value": "Second row of the settings "
                      },
                      {
                        "id": "af9a1d9652ac0702",
                        "role": "TextRun",
                        "value": "panel."
                      }
                    ]
                  }
                ]
              }
            ]
          },
          {
            "id": "920179beebb0a10c",
            "role": "GenericContainer",
            "children": [
              {
                "id": "d2e22a518e06cd68",
                "role": "GenericContainer",
                "children": [
                  {
                    "id": "ed9ddd035da6670d",
                    "role": "Label",
                    "value": "Settings",
                    "children": [
                      {
                        "id": "13dbd8e8f9a3a17a",
                        "role": "TextRun",
                        "value": "Settings"
                      }
                    ]
                  },
                  {
                    "id": "29da03ef98693066",
                    "role": "Label",
                    "value": "This paragraph is here to be long: it wraps over several lines in the central panel, so the frame has to lay it out as more than one run of text. An agent reading the tree should still get every word of it, because the text it can read is the only thing telling it what this part of the app is for.",
                    "children": [
                      {
                        "id": "16e525a18d8cdce7",
                        "role": "TextRun",
                        "value": "This paragraph is here to be long: it wraps over several lines in the central panel, so the frame has to lay it out as more than one run of text. An agent reading the tree "
                      },
                      {
                        "id": "716e700d21a45292",
                        "role": "TextRun",
                        "value": "should still get every word of it, because the text it can read is the only thing telling it what this part of the app is for."
                      }
                    ]
                  },
                  {
                    "id": "41ef20283b896828",
                    "role": "CheckBox",
                    "label": "Wrap long lines"
                  },
                  {
                    "id": "4b6ee9170c2e59ce",
                    "role": "GenericContainer",
                    "children": [
                      {
                        "id": "96a8f155b766eefb",
                        "role": "Slider",
                        "label": "Volume"
                      },
                      {
                        "id": "db68ddc08d32ccd1",
                        "role": "SpinButton",
                        "label": "Volume",
                        "value": "42"
                      },
                      {
                        "id": "2389025b21f1c31",
                        "role": "Label",
                        "value": "Volume",
                        "children": [
                          {
                            "id": "d5cc4c192e7b0b04",
                            "role": "TextRun",
                            "value": "Volume"
                          }
                        ]
                      }
                    ]
                  },
                  {
                    "id": "2d46b7e030d207d8",
                    "role": "GenericContainer",
                    "children": [
                      {
                        "id": "cdfe39bc5c18786c",
                        "role": "Button",
                        "label": "Advanced"
                      },
                      {
                        "id": "6f50df37e0905dd6",
                        "role": "GenericContainer",
                        "children": [
                          {
                            "id": "3026bddbd83be355",
                            "role": "GenericContainer",
                            "children": [
                              {
                                "id": "57ecedfc8498d6ff",
                                "role": "Label",
                                "value": "Nothing to see here",
                                "children": [
                                  {
                                    "id": "a7b888df4678ff85",
                                    "role": "TextRun",
                                    "value": "Nothing to see here"
                                  }
                                ]
                              },
                              {
                                "id": "53f88f38e6976025",
                                "role": "Button",
                                "label": "Reset",
                                "disabled": true
                              }
                            ]
                          }
                        ]
                      }
                    ]
                  }
                ]
              }
            ]
          }
        ]
      }
    ]
  }
]
