---
source: crates/egui_mcp/src/real_app_tests.rs
expression: "query_app(&QueryFilter\n{\n    query: Query\n    { content_contains: Some(\"volume\".to_owned()), ..Default::default() },\n    ..Default::default()\n})"
---
[
  {
    "id": "928050ff57eef6e",
    "role": "Slider",
    "label": "Volume"
  },
  {
    "id": "5ef95d77cbf37be1",
    "role": "SpinButton",
    "label": "Volume",
    "value": "42"
  },
  {
    "id": "8a7752097980b74",
    "role": "Label",
    "value": "Volume",
    "children": [
      {
        "id": "12f94f48729cf573",
        "role": "TextRun",
        "value": "Volume"
      }
    ]
  }
]
